[36mvite v7.3.1 [32mbuilding client environment for production...[36m[39m
transforming...
[32mΓ£ô[39m 1832 modules transformed.
rendering chunks...
computing gzip size...
[2mdist/[22m[32mindex.html                 [39m[1m[2m  0.60 kB[22m[1m[22m[2m Γöé gzip:   0.39 kB[22m
[2mdist/[22m[35massets/index-a13kLgct.css  [39m[1m[2m 46.40 kB[22m[1m[22m[2m Γöé gzip:   7.36 kB[22m
[2mdist/[22m[36massets/index-CVc-btkG.js   [39m[1m[2m429.51 kB[22m[1m[22m[2m Γöé gzip: 123.15 kB[22m
[32mΓ£ô built in 9.65s[39m
